// Jest Snapshot v1, https://goo.gl/fbAQLP

exports[`FilterMenu should render the component 1`] = `ShallowWrapper {}`;
