// Jest Snapshot v1, https://goo.gl/fbAQLP

exports[`RestaurantContainer should render the component 1`] = `ShallowWrapper {}`;
