// Jest Snapshot v1, https://goo.gl/fbAQLP

exports[`RestaurantRow should render the component 1`] = `ShallowWrapper {}`;
